
> ShadiBazaar@0.0.1 ios
> react-native run-ios --simulator='iPhone 15'

- Installing Ruby Gems
✖ Installing Ruby Gems
error /System/Library/Frameworks/Ruby.framework/Versions/2.6/usr/lib/ruby/2.6.0/rubygems.rb:283:in `find_spec_for_exe': Could not find 'bundler' (2.5.4) required by your /Users/tahashaikh/Desktop/RN/shaadi_bazzar_user_App/Gemfile.lock. (Gem::GemNotFoundException)
To update to the latest version installed on your system, run `bundle update --bundler`.
To install the missing version, run `gem install bundler:2.5.4`
	from /System/Library/Frameworks/Ruby.framework/Versions/2.6/usr/lib/ruby/2.6.0/rubygems.rb:302:in `activate_bin_path'
	from /usr/bin/bundle:23:in `<main>'
✖ Installing Ruby Gems
error Something when wrong while installing CocoaPods. Please run pod install manually.
